src/controllers/urlController.ts(127,24): error TS2351: This expression is not constructable.
  Type 'typeof UAParser' has no construct signatures.
src/controllers/urlController.ts(141,7): error TS2322: Type 'string | string[]' is not assignable to type 'string | undefined'.
  Type 'string[]' is not assignable to type 'string'.
src/models/User.ts(43,48): error TS2349: This expression is not callable.
  Type 'SaveOptions' has no call signatures.
src/models/User.ts(46,3): error TS2349: This expression is not callable.
  Type 'SaveOptions' has no call signatures.
src/models/User.ts(59,12): error TS2790: The operand of a 'delete' operator must be optional.
src/models/User.ts(60,12): error TS2790: The operand of a 'delete' operator must be optional.
